🔍 Starting 24-Hour NLV/P&L Monitoring
📊 Logging to: ./nlv_monitoring_20260413_203912.log
---
[2026-04-13 20:39:12] NLV: $ 761.8149236269 | Unrealized: $        0 | Realized: $        0 | Status: ✓
⚠️  WARNING: NLV drift detected! Value: $ 761.8149236269 (Expected: $1105.33)
[2026-04-13 20:44:13] NLV: $ 761.8149236269 | Unrealized: $        0 | Realized: $        0 | Status: ✓
⚠️  WARNING: NLV drift detected! Value: $ 761.8149236269 (Expected: $1105.33)
[2026-04-13 20:49:14] NLV: $ 761.8149236269 | Unrealized: $        0 | Realized: $        0 | Status: ✓
⚠️  WARNING: NLV drift detected! Value: $ 761.8149236269 (Expected: $1105.33)
[2026-04-13 20:54:14] NLV: $ 761.8149236269 | Unrealized: $        0 | Realized: $        0 | Status: ✓
⚠️  WARNING: NLV drift detected! Value: $ 761.8149236269 (Expected: $1105.33)
[2026-04-13 20:59:15] NLV: $ 761.8149236269 | Unrealized: $        0 | Realized: $        0 | Status: ✓
⚠️  WARNING: NLV drift detected! Value: $ 761.8149236269 (Expected: $1105.33)
[2026-04-13 21:04:16] NLV: $ 761.8149236269 | Unrealized: $        0 | Realized: $        0 | Status: ✓
⚠️  WARNING: NLV drift detected! Value: $ 761.8149236269 (Expected: $1105.33)
[2026-04-13 21:09:16] NLV: $ 761.8149236269 | Unrealized: $        0 | Realized: $        0 | Status: ✓
⚠️  WARNING: NLV drift detected! Value: $ 761.8149236269 (Expected: $1105.33)
[2026-04-13 21:14:17] NLV: $ 761.8149236269 | Unrealized: $        0 | Realized: $        0 | Status: ✓
⚠️  WARNING: NLV drift detected! Value: $ 761.8149236269 (Expected: $1105.33)
[2026-04-13 21:19:18] NLV: $ 761.8149236269 | Unrealized: $        0 | Realized: $        0 | Status: ✓
⚠️  WARNING: NLV drift detected! Value: $ 761.8149236269 (Expected: $1105.33)
[2026-04-13 21:24:18] NLV: $ 761.8149236269 | Unrealized: $        0 | Realized: $        0 | Status: ✓
⚠️  WARNING: NLV drift detected! Value: $ 761.8149236269 (Expected: $1105.33)
[2026-04-13 21:29:19] NLV: $ 761.8149236269 | Unrealized: $        0 | Realized: $        0 | Status: ✓
⚠️  WARNING: NLV drift detected! Value: $ 761.8149236269 (Expected: $1105.33)
[2026-04-13 21:34:22] NLV: $ 761.8149236269 | Unrealized: $        0 | Realized: $        0 | Status: ✓
⚠️  WARNING: NLV drift detected! Value: $ 761.8149236269 (Expected: $1105.33)
[2026-04-13 21:39:22] NLV: $ 761.8149236269 | Unrealized: $        0 | Realized: $        0 | Status: ✓
⚠️  WARNING: NLV drift detected! Value: $ 761.8149236269 (Expected: $1105.33)
[2026-04-13 21:44:24] NLV: $ 761.8149236269 | Unrealized: $        0 | Realized: $        0 | Status: ✓
⚠️  WARNING: NLV drift detected! Value: $ 761.8149236269 (Expected: $1105.33)
[2026-04-13 21:49:25] NLV: $ 761.8149236269 | Unrealized: $        0 | Realized: $        0 | Status: ✓
⚠️  WARNING: NLV drift detected! Value: $ 761.8149236269 (Expected: $1105.33)
[2026-04-13 21:54:26] NLV: $ 761.8149236269 | Unrealized: $        0 | Realized: $        0 | Status: ✓
⚠️  WARNING: NLV drift detected! Value: $ 761.8149236269 (Expected: $1105.33)
[2026-04-13 21:59:26] NLV: $ 761.8149236269 | Unrealized: $        0 | Realized: $        0 | Status: ✓
⚠️  WARNING: NLV drift detected! Value: $ 761.8149236269 (Expected: $1105.33)
[2026-04-13 22:04:27] NLV: $ | Unrealized: $ | Realized: $ | Status: ✓

Parse error: bad token
    <stdin>:1

[2026-04-13 22:09:27] NLV: $ | Unrealized: $ | Realized: $ | Status: ✓

Parse error: bad token
    <stdin>:1

[2026-04-13 22:14:27] NLV: $ 761.8149236269 | Unrealized: $        0 | Realized: $        0 | Status: ✓
⚠️  WARNING: NLV drift detected! Value: $ 761.8149236269 (Expected: $1105.33)
[2026-04-13 22:19:28] NLV: $ 761.8149236269 | Unrealized: $        0 | Realized: $        0 | Status: ✓
⚠️  WARNING: NLV drift detected! Value: $ 761.8149236269 (Expected: $1105.33)
[2026-04-13 22:24:29] NLV: $ 761.8149236269 | Unrealized: $        0 | Realized: $        0 | Status: ✓
⚠️  WARNING: NLV drift detected! Value: $ 761.8149236269 (Expected: $1105.33)
[2026-04-13 22:29:29] NLV: $ 761.8149236269 | Unrealized: $        0 | Realized: $        0 | Status: ✓
⚠️  WARNING: NLV drift detected! Value: $ 761.8149236269 (Expected: $1105.33)
[2026-04-13 22:34:30] NLV: $ 761.8149236269 | Unrealized: $        0 | Realized: $        0 | Status: ✓
⚠️  WARNING: NLV drift detected! Value: $ 761.8149236269 (Expected: $1105.33)
[2026-04-13 22:39:30] NLV: $ 761.8149236269 | Unrealized: $        0 | Realized: $        0 | Status: ✓
⚠️  WARNING: NLV drift detected! Value: $ 761.8149236269 (Expected: $1105.33)
[2026-04-13 22:44:31] NLV: $ 761.8149236269 | Unrealized: $        0 | Realized: $        0 | Status: ✓
⚠️  WARNING: NLV drift detected! Value: $ 761.8149236269 (Expected: $1105.33)
[2026-04-13 22:49:32] NLV: $ 761.8149236269 | Unrealized: $        0 | Realized: $        0 | Status: ✓
⚠️  WARNING: NLV drift detected! Value: $ 761.8149236269 (Expected: $1105.33)
[2026-04-13 22:54:32] NLV: $ 761.8149236269 | Unrealized: $        0 | Realized: $        0 | Status: ✓
⚠️  WARNING: NLV drift detected! Value: $ 761.8149236269 (Expected: $1105.33)
[2026-04-13 22:59:33] NLV: $ 761.8149236269 | Unrealized: $        0 | Realized: $        0 | Status: ✓
⚠️  WARNING: NLV drift detected! Value: $ 761.8149236269 (Expected: $1105.33)
[2026-04-13 23:04:34] NLV: $ 761.8149236269 | Unrealized: $        0 | Realized: $        0 | Status: ✓
⚠️  WARNING: NLV drift detected! Value: $ 761.8149236269 (Expected: $1105.33)
[2026-04-13 23:09:34] NLV: $ 761.8149236269 | Unrealized: $        0 | Realized: $        0 | Status: ✓
⚠️  WARNING: NLV drift detected! Value: $ 761.8149236269 (Expected: $1105.33)
[2026-04-13 23:14:35] NLV: $ 761.8149236269 | Unrealized: $        0 | Realized: $        0 | Status: ✓
⚠️  WARNING: NLV drift detected! Value: $ 761.8149236269 (Expected: $1105.33)
[2026-04-13 23:19:35] NLV: $ 761.8149236269 | Unrealized: $        0 | Realized: $        0 | Status: ✓
⚠️  WARNING: NLV drift detected! Value: $ 761.8149236269 (Expected: $1105.33)
[2026-04-13 23:24:36] NLV: $ 761.8149236269 | Unrealized: $        0 | Realized: $        0 | Status: ✓
⚠️  WARNING: NLV drift detected! Value: $ 761.8149236269 (Expected: $1105.33)
[2026-04-13 23:29:37] NLV: $ 761.8149236269 | Unrealized: $        0 | Realized: $        0 | Status: ✓
⚠️  WARNING: NLV drift detected! Value: $ 761.8149236269 (Expected: $1105.33)
[2026-04-13 23:34:37] NLV: $ 761.8149236269 | Unrealized: $        0 | Realized: $        0 | Status: ✓
⚠️  WARNING: NLV drift detected! Value: $ 761.8149236269 (Expected: $1105.33)
[2026-04-13 23:39:38] NLV: $ 761.8149236269 | Unrealized: $        0 | Realized: $        0 | Status: ✓
⚠️  WARNING: NLV drift detected! Value: $ 761.8149236269 (Expected: $1105.33)
[2026-04-13 23:44:39] NLV: $ 761.8149236269 | Unrealized: $        0 | Realized: $        0 | Status: ✓
⚠️  WARNING: NLV drift detected! Value: $ 761.8149236269 (Expected: $1105.33)
[2026-04-13 23:49:39] NLV: $ 761.8149236269 | Unrealized: $        0 | Realized: $        0 | Status: ✓
⚠️  WARNING: NLV drift detected! Value: $ 761.8149236269 (Expected: $1105.33)
[2026-04-13 23:54:40] NLV: $ 761.8149236269 | Unrealized: $        0 | Realized: $        0 | Status: ✓
⚠️  WARNING: NLV drift detected! Value: $ 761.8149236269 (Expected: $1105.33)
[2026-04-13 23:59:41] NLV: $ 761.8149236269 | Unrealized: $        0 | Realized: $        0 | Status: ✓
⚠️  WARNING: NLV drift detected! Value: $ 761.8149236269 (Expected: $1105.33)
[2026-04-14 00:04:41] NLV: $ 761.8149236269 | Unrealized: $        0 | Realized: $        0 | Status: ✓
⚠️  WARNING: NLV drift detected! Value: $ 761.8149236269 (Expected: $1105.33)
[2026-04-14 00:09:42] NLV: $ 761.8149236269 | Unrealized: $        0 | Realized: $        0 | Status: ✓
⚠️  WARNING: NLV drift detected! Value: $ 761.8149236269 (Expected: $1105.33)
[2026-04-14 00:14:42] NLV: $ 761.8149236269 | Unrealized: $        0 | Realized: $        0 | Status: ✓
⚠️  WARNING: NLV drift detected! Value: $ 761.8149236269 (Expected: $1105.33)
[2026-04-14 00:19:43] NLV: $ 761.8149236269 | Unrealized: $        0 | Realized: $        0 | Status: ✓
⚠️  WARNING: NLV drift detected! Value: $ 761.8149236269 (Expected: $1105.33)
[2026-04-14 00:24:44] NLV: $ 761.8149236269 | Unrealized: $        0 | Realized: $        0 | Status: ✓
⚠️  WARNING: NLV drift detected! Value: $ 761.8149236269 (Expected: $1105.33)
[2026-04-14 00:29:44] NLV: $ 761.8149236269 | Unrealized: $        0 | Realized: $        0 | Status: ✓
⚠️  WARNING: NLV drift detected! Value: $ 761.8149236269 (Expected: $1105.33)
[2026-04-14 00:34:45] NLV: $ 761.8149236269 | Unrealized: $        0 | Realized: $        0 | Status: ✓
⚠️  WARNING: NLV drift detected! Value: $ 761.8149236269 (Expected: $1105.33)
[2026-04-14 00:39:46] NLV: $ 761.8149236269 | Unrealized: $        0 | Realized: $        0 | Status: ✓
⚠️  WARNING: NLV drift detected! Value: $ 761.8149236269 (Expected: $1105.33)
[2026-04-14 00:44:47] NLV: $ 761.8149236269 | Unrealized: $        0 | Realized: $        0 | Status: ✓
⚠️  WARNING: NLV drift detected! Value: $ 761.8149236269 (Expected: $1105.33)
[2026-04-14 00:49:47] NLV: $ 761.8149236269 | Unrealized: $        0 | Realized: $        0 | Status: ✓
⚠️  WARNING: NLV drift detected! Value: $ 761.8149236269 (Expected: $1105.33)
[2026-04-14 00:54:48] NLV: $ 761.8149236269 | Unrealized: $        0 | Realized: $        0 | Status: ✓
⚠️  WARNING: NLV drift detected! Value: $ 761.8149236269 (Expected: $1105.33)
[2026-04-14 00:59:49] NLV: $ 761.8149236269 | Unrealized: $        0 | Realized: $        0 | Status: ✓
⚠️  WARNING: NLV drift detected! Value: $ 761.8149236269 (Expected: $1105.33)
[2026-04-14 01:04:49] NLV: $ 761.8149236269 | Unrealized: $        0 | Realized: $        0 | Status: ✓
⚠️  WARNING: NLV drift detected! Value: $ 761.8149236269 (Expected: $1105.33)
[2026-04-14 01:09:50] NLV: $ 761.8149236269 | Unrealized: $        0 | Realized: $        0 | Status: ✓
⚠️  WARNING: NLV drift detected! Value: $ 761.8149236269 (Expected: $1105.33)
[2026-04-14 01:14:51] NLV: $ 761.8149236269 | Unrealized: $        0 | Realized: $        0 | Status: ✓
⚠️  WARNING: NLV drift detected! Value: $ 761.8149236269 (Expected: $1105.33)
[2026-04-14 01:19:51] NLV: $ 761.8149236269 | Unrealized: $        0 | Realized: $        0 | Status: ✓
⚠️  WARNING: NLV drift detected! Value: $ 761.8149236269 (Expected: $1105.33)
[2026-04-14 01:24:52] NLV: $ 761.8149236269 | Unrealized: $        0 | Realized: $        0 | Status: ✓
⚠️  WARNING: NLV drift detected! Value: $ 761.8149236269 (Expected: $1105.33)
[2026-04-14 01:29:53] NLV: $ 761.8149236269 | Unrealized: $        0 | Realized: $        0 | Status: ✓
⚠️  WARNING: NLV drift detected! Value: $ 761.8149236269 (Expected: $1105.33)
[2026-04-14 01:34:53] NLV: $ 761.8149236269 | Unrealized: $        0 | Realized: $        0 | Status: ✓
⚠️  WARNING: NLV drift detected! Value: $ 761.8149236269 (Expected: $1105.33)
[2026-04-14 01:39:54] NLV: $ 761.8149236269 | Unrealized: $        0 | Realized: $        0 | Status: ✓
⚠️  WARNING: NLV drift detected! Value: $ 761.8149236269 (Expected: $1105.33)
[2026-04-14 01:44:55] NLV: $ 761.8149236269 | Unrealized: $        0 | Realized: $        0 | Status: ✓
⚠️  WARNING: NLV drift detected! Value: $ 761.8149236269 (Expected: $1105.33)
[2026-04-14 01:49:55] NLV: $ 761.8149236269 | Unrealized: $        0 | Realized: $        0 | Status: ✓
⚠️  WARNING: NLV drift detected! Value: $ 761.8149236269 (Expected: $1105.33)
[2026-04-14 01:54:56] NLV: $ 761.8149236269 | Unrealized: $        0 | Realized: $        0 | Status: ✓
⚠️  WARNING: NLV drift detected! Value: $ 761.8149236269 (Expected: $1105.33)
[2026-04-14 01:59:57] NLV: $ 761.8149236269 | Unrealized: $        0 | Realized: $        0 | Status: ✓
⚠️  WARNING: NLV drift detected! Value: $ 761.8149236269 (Expected: $1105.33)
[2026-04-14 02:04:58] NLV: $ 761.8149236269 | Unrealized: $        0 | Realized: $        0 | Status: ✓
⚠️  WARNING: NLV drift detected! Value: $ 761.8149236269 (Expected: $1105.33)
[2026-04-14 02:09:59] NLV: $ 761.8149236269 | Unrealized: $        0 | Realized: $        0 | Status: ✓
⚠️  WARNING: NLV drift detected! Value: $ 761.8149236269 (Expected: $1105.33)
[2026-04-14 02:14:59] NLV: $ 761.8149236269 | Unrealized: $        0 | Realized: $        0 | Status: ✓
⚠️  WARNING: NLV drift detected! Value: $ 761.8149236269 (Expected: $1105.33)
[2026-04-14 02:20:00] NLV: $ 761.8149236269 | Unrealized: $        0 | Realized: $        0 | Status: ✓
⚠️  WARNING: NLV drift detected! Value: $ 761.8149236269 (Expected: $1105.33)
[2026-04-14 02:25:01] NLV: $ 761.8149236269 | Unrealized: $        0 | Realized: $        0 | Status: ✓
⚠️  WARNING: NLV drift detected! Value: $ 761.8149236269 (Expected: $1105.33)
[2026-04-14 02:30:02] NLV: $ 761.8149236269 | Unrealized: $        0 | Realized: $        0 | Status: ✓
⚠️  WARNING: NLV drift detected! Value: $ 761.8149236269 (Expected: $1105.33)
[2026-04-14 02:35:02] NLV: $ 761.8149236269 | Unrealized: $        0 | Realized: $        0 | Status: ✓
⚠️  WARNING: NLV drift detected! Value: $ 761.8149236269 (Expected: $1105.33)
[2026-04-14 02:40:03] NLV: $ 761.8149236269 | Unrealized: $        0 | Realized: $        0 | Status: ✓
⚠️  WARNING: NLV drift detected! Value: $ 761.8149236269 (Expected: $1105.33)
[2026-04-14 02:45:04] NLV: $ 761.8149236269 | Unrealized: $        0 | Realized: $        0 | Status: ✓
⚠️  WARNING: NLV drift detected! Value: $ 761.8149236269 (Expected: $1105.33)
[2026-04-14 02:50:04] NLV: $ 761.8149236269 | Unrealized: $        0 | Realized: $        0 | Status: ✓
⚠️  WARNING: NLV drift detected! Value: $ 761.8149236269 (Expected: $1105.33)
[2026-04-14 02:55:05] NLV: $ 761.8149236269 | Unrealized: $        0 | Realized: $        0 | Status: ✓
⚠️  WARNING: NLV drift detected! Value: $ 761.8149236269 (Expected: $1105.33)
[2026-04-14 03:00:05] NLV: $ 761.8149236269 | Unrealized: $        0 | Realized: $        0 | Status: ✓
⚠️  WARNING: NLV drift detected! Value: $ 761.8149236269 (Expected: $1105.33)
[2026-04-14 03:05:06] NLV: $ 761.8149236269 | Unrealized: $        0 | Realized: $        0 | Status: ✓
⚠️  WARNING: NLV drift detected! Value: $ 761.8149236269 (Expected: $1105.33)
[2026-04-14 03:10:06] NLV: $ 761.8149236269 | Unrealized: $        0 | Realized: $        0 | Status: ✓
⚠️  WARNING: NLV drift detected! Value: $ 761.8149236269 (Expected: $1105.33)
[2026-04-14 03:15:07] NLV: $ 761.8149236269 | Unrealized: $        0 | Realized: $        0 | Status: ✓
⚠️  WARNING: NLV drift detected! Value: $ 761.8149236269 (Expected: $1105.33)
[2026-04-14 03:20:08] NLV: $ 761.8149236269 | Unrealized: $        0 | Realized: $        0 | Status: ✓
⚠️  WARNING: NLV drift detected! Value: $ 761.8149236269 (Expected: $1105.33)
[2026-04-14 03:25:08] NLV: $ 761.8149236269 | Unrealized: $        0 | Realized: $        0 | Status: ✓
⚠️  WARNING: NLV drift detected! Value: $ 761.8149236269 (Expected: $1105.33)
[2026-04-14 03:30:09] NLV: $ 761.8149236269 | Unrealized: $        0 | Realized: $        0 | Status: ✓
⚠️  WARNING: NLV drift detected! Value: $ 761.8149236269 (Expected: $1105.33)
[2026-04-14 03:35:10] NLV: $ 761.8149236269 | Unrealized: $        0 | Realized: $        0 | Status: ✓
⚠️  WARNING: NLV drift detected! Value: $ 761.8149236269 (Expected: $1105.33)
[2026-04-14 03:40:10] NLV: $ 761.8149236269 | Unrealized: $        0 | Realized: $        0 | Status: ✓
⚠️  WARNING: NLV drift detected! Value: $ 761.8149236269 (Expected: $1105.33)
[2026-04-14 03:45:11] NLV: $ 761.8149236269 | Unrealized: $        0 | Realized: $        0 | Status: ✓
⚠️  WARNING: NLV drift detected! Value: $ 761.8149236269 (Expected: $1105.33)
[2026-04-14 03:50:12] NLV: $ 761.8149236269 | Unrealized: $        0 | Realized: $        0 | Status: ✓
⚠️  WARNING: NLV drift detected! Value: $ 761.8149236269 (Expected: $1105.33)
[2026-04-14 03:55:12] NLV: $ 761.8149236269 | Unrealized: $        0 | Realized: $        0 | Status: ✓
⚠️  WARNING: NLV drift detected! Value: $ 761.8149236269 (Expected: $1105.33)
[2026-04-14 04:00:13] NLV: $ 761.8149236269 | Unrealized: $        0 | Realized: $        0 | Status: ✓
⚠️  WARNING: NLV drift detected! Value: $ 761.8149236269 (Expected: $1105.33)
[2026-04-14 04:05:13] NLV: $ 761.8149236269 | Unrealized: $        0 | Realized: $        0 | Status: ✓
⚠️  WARNING: NLV drift detected! Value: $ 761.8149236269 (Expected: $1105.33)
[2026-04-14 04:10:14] NLV: $ 761.8149236269 | Unrealized: $        0 | Realized: $        0 | Status: ✓
⚠️  WARNING: NLV drift detected! Value: $ 761.8149236269 (Expected: $1105.33)
[2026-04-14 04:15:15] NLV: $ 761.8149236269 | Unrealized: $        0 | Realized: $        0 | Status: ✓
⚠️  WARNING: NLV drift detected! Value: $ 761.8149236269 (Expected: $1105.33)
[2026-04-14 04:20:16] NLV: $ 761.8149236269 | Unrealized: $        0 | Realized: $        0 | Status: ✓
⚠️  WARNING: NLV drift detected! Value: $ 761.8149236269 (Expected: $1105.33)
[2026-04-14 04:25:16] NLV: $ 761.8149236269 | Unrealized: $        0 | Realized: $        0 | Status: ✓
⚠️  WARNING: NLV drift detected! Value: $ 761.8149236269 (Expected: $1105.33)
[2026-04-14 04:30:17] NLV: $ 761.8149236269 | Unrealized: $        0 | Realized: $        0 | Status: ✓
⚠️  WARNING: NLV drift detected! Value: $ 761.8149236269 (Expected: $1105.33)
[2026-04-14 04:35:18] NLV: $ 761.8149236269 | Unrealized: $        0 | Realized: $        0 | Status: ✓
⚠️  WARNING: NLV drift detected! Value: $ 761.8149236269 (Expected: $1105.33)
[2026-04-14 04:40:18] NLV: $ 761.8149236269 | Unrealized: $        0 | Realized: $        0 | Status: ✓
⚠️  WARNING: NLV drift detected! Value: $ 761.8149236269 (Expected: $1105.33)
[2026-04-14 04:45:19] NLV: $ 761.8149236269 | Unrealized: $        0 | Realized: $        0 | Status: ✓
⚠️  WARNING: NLV drift detected! Value: $ 761.8149236269 (Expected: $1105.33)
[2026-04-14 04:50:20] NLV: $ 761.8149236269 | Unrealized: $        0 | Realized: $        0 | Status: ✓
⚠️  WARNING: NLV drift detected! Value: $ 761.8149236269 (Expected: $1105.33)
[2026-04-14 04:55:21] NLV: $ 761.8149236269 | Unrealized: $        0 | Realized: $        0 | Status: ✓
⚠️  WARNING: NLV drift detected! Value: $ 761.8149236269 (Expected: $1105.33)
[2026-04-14 05:00:21] NLV: $ 761.8149236269 | Unrealized: $        0 | Realized: $        0 | Status: ✓
⚠️  WARNING: NLV drift detected! Value: $ 761.8149236269 (Expected: $1105.33)
[2026-04-14 05:05:22] NLV: $ 761.8149236269 | Unrealized: $        0 | Realized: $        0 | Status: ✓
⚠️  WARNING: NLV drift detected! Value: $ 761.8149236269 (Expected: $1105.33)
[2026-04-14 05:10:23] NLV: $ 761.8149236269 | Unrealized: $        0 | Realized: $        0 | Status: ✓
⚠️  WARNING: NLV drift detected! Value: $ 761.8149236269 (Expected: $1105.33)
[2026-04-14 05:15:23] NLV: $ 761.8149236269 | Unrealized: $        0 | Realized: $        0 | Status: ✓
⚠️  WARNING: NLV drift detected! Value: $ 761.8149236269 (Expected: $1105.33)
[2026-04-14 05:20:24] NLV: $ 761.8149236269 | Unrealized: $        0 | Realized: $        0 | Status: ✓
⚠️  WARNING: NLV drift detected! Value: $ 761.8149236269 (Expected: $1105.33)
[2026-04-14 05:25:25] NLV: $ 761.8149236269 | Unrealized: $        0 | Realized: $        0 | Status: ✓
⚠️  WARNING: NLV drift detected! Value: $ 761.8149236269 (Expected: $1105.33)
[2026-04-14 05:30:25] NLV: $ 761.8149236269 | Unrealized: $        0 | Realized: $        0 | Status: ✓
⚠️  WARNING: NLV drift detected! Value: $ 761.8149236269 (Expected: $1105.33)
[2026-04-14 05:35:26] NLV: $ 761.8149236269 | Unrealized: $        0 | Realized: $        0 | Status: ✓
⚠️  WARNING: NLV drift detected! Value: $ 761.8149236269 (Expected: $1105.33)
[2026-04-14 05:40:28] NLV: $ 761.8149236269 | Unrealized: $        0 | Realized: $        0 | Status: ✓
⚠️  WARNING: NLV drift detected! Value: $ 761.8149236269 (Expected: $1105.33)
[2026-04-14 05:45:28] NLV: $ 761.8149236269 | Unrealized: $        0 | Realized: $        0 | Status: ✓
⚠️  WARNING: NLV drift detected! Value: $ 761.8149236269 (Expected: $1105.33)
[2026-04-14 05:50:29] NLV: $ 761.8149236269 | Unrealized: $        0 | Realized: $        0 | Status: ✓
⚠️  WARNING: NLV drift detected! Value: $ 761.8149236269 (Expected: $1105.33)
[2026-04-14 05:55:30] NLV: $ 761.8149236269 | Unrealized: $        0 | Realized: $        0 | Status: ✓
⚠️  WARNING: NLV drift detected! Value: $ 761.8149236269 (Expected: $1105.33)
[2026-04-14 06:00:31] NLV: $ 761.8149236269 | Unrealized: $        0 | Realized: $        0 | Status: ✓
⚠️  WARNING: NLV drift detected! Value: $ 761.8149236269 (Expected: $1105.33)
[2026-04-14 06:05:31] NLV: $ 761.8149236269 | Unrealized: $        0 | Realized: $        0 | Status: ✓
⚠️  WARNING: NLV drift detected! Value: $ 761.8149236269 (Expected: $1105.33)
[2026-04-14 06:10:32] NLV: $ 761.8149236269 | Unrealized: $        0 | Realized: $        0 | Status: ✓
⚠️  WARNING: NLV drift detected! Value: $ 761.8149236269 (Expected: $1105.33)
[2026-04-14 06:15:32] NLV: $ 761.8149236269 | Unrealized: $        0 | Realized: $        0 | Status: ✓
⚠️  WARNING: NLV drift detected! Value: $ 761.8149236269 (Expected: $1105.33)
[2026-04-14 06:20:33] NLV: $ 761.8149236269 | Unrealized: $        0 | Realized: $        0 | Status: ✓
⚠️  WARNING: NLV drift detected! Value: $ 761.8149236269 (Expected: $1105.33)
[2026-04-14 06:25:34] NLV: $ 761.8149236269 | Unrealized: $        0 | Realized: $        0 | Status: ✓
⚠️  WARNING: NLV drift detected! Value: $ 761.8149236269 (Expected: $1105.33)
[2026-04-14 06:30:35] NLV: $ 761.8149236269 | Unrealized: $        0 | Realized: $        0 | Status: ✓
⚠️  WARNING: NLV drift detected! Value: $ 761.8149236269 (Expected: $1105.33)
[2026-04-14 06:35:36] NLV: $ 761.8149236269 | Unrealized: $        0 | Realized: $        0 | Status: ✓
⚠️  WARNING: NLV drift detected! Value: $ 761.8149236269 (Expected: $1105.33)
[2026-04-14 06:40:36] NLV: $ 761.8149236269 | Unrealized: $        0 | Realized: $        0 | Status: ✓
⚠️  WARNING: NLV drift detected! Value: $ 761.8149236269 (Expected: $1105.33)
[2026-04-14 06:45:37] NLV: $ 761.8149236269 | Unrealized: $        0 | Realized: $        0 | Status: ✓
⚠️  WARNING: NLV drift detected! Value: $ 761.8149236269 (Expected: $1105.33)
[2026-04-14 06:50:38] NLV: $ 761.8149236269 | Unrealized: $        0 | Realized: $        0 | Status: ✓
⚠️  WARNING: NLV drift detected! Value: $ 761.8149236269 (Expected: $1105.33)
[2026-04-14 06:55:38] NLV: $ 761.8149236269 | Unrealized: $        0 | Realized: $        0 | Status: ✓
⚠️  WARNING: NLV drift detected! Value: $ 761.8149236269 (Expected: $1105.33)
[2026-04-14 07:00:39] NLV: $ 761.8149236269 | Unrealized: $        0 | Realized: $        0 | Status: ✓
⚠️  WARNING: NLV drift detected! Value: $ 761.8149236269 (Expected: $1105.33)
[2026-04-14 07:05:40] NLV: $ 761.8149236269 | Unrealized: $        0 | Realized: $        0 | Status: ✓
⚠️  WARNING: NLV drift detected! Value: $ 761.8149236269 (Expected: $1105.33)
[2026-04-14 07:10:41] NLV: $ 761.8149236269 | Unrealized: $        0 | Realized: $        0 | Status: ✓
⚠️  WARNING: NLV drift detected! Value: $ 761.8149236269 (Expected: $1105.33)
[2026-04-14 07:15:41] NLV: $ 761.8149236269 | Unrealized: $        0 | Realized: $        0 | Status: ✓
⚠️  WARNING: NLV drift detected! Value: $ 761.8149236269 (Expected: $1105.33)
[2026-04-14 07:20:42] NLV: $ 761.8149236269 | Unrealized: $        0 | Realized: $        0 | Status: ✓
⚠️  WARNING: NLV drift detected! Value: $ 761.8149236269 (Expected: $1105.33)
[2026-04-14 07:25:43] NLV: $ 761.8149236269 | Unrealized: $        0 | Realized: $        0 | Status: ✓
⚠️  WARNING: NLV drift detected! Value: $ 761.8149236269 (Expected: $1105.33)
[2026-04-14 07:30:43] NLV: $ 761.8149236269 | Unrealized: $        0 | Realized: $        0 | Status: ✓
⚠️  WARNING: NLV drift detected! Value: $ 761.8149236269 (Expected: $1105.33)
[2026-04-14 07:35:44] NLV: $ 761.8149236269 | Unrealized: $        0 | Realized: $        0 | Status: ✓
⚠️  WARNING: NLV drift detected! Value: $ 761.8149236269 (Expected: $1105.33)
[2026-04-14 07:40:45] NLV: $ 761.8149236269 | Unrealized: $        0 | Realized: $        0 | Status: ✓
⚠️  WARNING: NLV drift detected! Value: $ 761.8149236269 (Expected: $1105.33)
[2026-04-14 07:45:45] NLV: $ 761.8149236269 | Unrealized: $        0 | Realized: $        0 | Status: ✓
⚠️  WARNING: NLV drift detected! Value: $ 761.8149236269 (Expected: $1105.33)
[2026-04-14 07:50:46] NLV: $ 761.8149236269 | Unrealized: $        0 | Realized: $        0 | Status: ✓
⚠️  WARNING: NLV drift detected! Value: $ 761.8149236269 (Expected: $1105.33)
[2026-04-14 07:55:47] NLV: $ 761.8149236269 | Unrealized: $        0 | Realized: $        0 | Status: ✓
⚠️  WARNING: NLV drift detected! Value: $ 761.8149236269 (Expected: $1105.33)
[2026-04-14 08:00:47] NLV: $ 761.8149236269 | Unrealized: $        0 | Realized: $        0 | Status: ✓
⚠️  WARNING: NLV drift detected! Value: $ 761.8149236269 (Expected: $1105.33)
[2026-04-14 08:05:48] NLV: $ 761.8149236269 | Unrealized: $        0 | Realized: $        0 | Status: ✓
⚠️  WARNING: NLV drift detected! Value: $ 761.8149236269 (Expected: $1105.33)
[2026-04-14 08:10:49] NLV: $ 761.8149236269 | Unrealized: $        0 | Realized: $        0 | Status: ✓
⚠️  WARNING: NLV drift detected! Value: $ 761.8149236269 (Expected: $1105.33)
[2026-04-14 08:15:49] NLV: $ 761.8149236269 | Unrealized: $        0 | Realized: $        0 | Status: ✓
⚠️  WARNING: NLV drift detected! Value: $ 761.8149236269 (Expected: $1105.33)
[2026-04-14 08:20:50] NLV: $ 761.8149236269 | Unrealized: $        0 | Realized: $        0 | Status: ✓
⚠️  WARNING: NLV drift detected! Value: $ 761.8149236269 (Expected: $1105.33)
[2026-04-14 08:25:51] NLV: $ 761.8149236269 | Unrealized: $        0 | Realized: $        0 | Status: ✓
⚠️  WARNING: NLV drift detected! Value: $ 761.8149236269 (Expected: $1105.33)
[2026-04-14 08:30:51] NLV: $ 761.8149236269 | Unrealized: $        0 | Realized: $        0 | Status: ✓
⚠️  WARNING: NLV drift detected! Value: $ 761.8149236269 (Expected: $1105.33)
[2026-04-14 08:35:52] NLV: $ 761.8149236269 | Unrealized: $        0 | Realized: $        0 | Status: ✓
⚠️  WARNING: NLV drift detected! Value: $ 761.8149236269 (Expected: $1105.33)
[2026-04-14 08:40:53] NLV: $ 761.8149236269 | Unrealized: $        0 | Realized: $        0 | Status: ✓
⚠️  WARNING: NLV drift detected! Value: $ 761.8149236269 (Expected: $1105.33)
[2026-04-14 08:45:53] NLV: $ 761.8149236269 | Unrealized: $        0 | Realized: $        0 | Status: ✓
⚠️  WARNING: NLV drift detected! Value: $ 761.8149236269 (Expected: $1105.33)
[2026-04-14 08:50:54] NLV: $ 761.8149236269 | Unrealized: $        0 | Realized: $        0 | Status: ✓
⚠️  WARNING: NLV drift detected! Value: $ 761.8149236269 (Expected: $1105.33)
[2026-04-14 08:55:54] NLV: $ 761.8149236269 | Unrealized: $        0 | Realized: $        0 | Status: ✓
⚠️  WARNING: NLV drift detected! Value: $ 761.8149236269 (Expected: $1105.33)
[2026-04-14 09:00:55] NLV: $ 761.8149236269 | Unrealized: $        0 | Realized: $        0 | Status: ✓
⚠️  WARNING: NLV drift detected! Value: $ 761.8149236269 (Expected: $1105.33)
[2026-04-14 09:05:56] NLV: $ 761.8149236269 | Unrealized: $        0 | Realized: $        0 | Status: ✓
⚠️  WARNING: NLV drift detected! Value: $ 761.8149236269 (Expected: $1105.33)
[2026-04-14 09:10:56] NLV: $ 761.8149236269 | Unrealized: $        0 | Realized: $        0 | Status: ✓
⚠️  WARNING: NLV drift detected! Value: $ 761.8149236269 (Expected: $1105.33)
[2026-04-14 09:15:57] NLV: $ 761.8149236269 | Unrealized: $        0 | Realized: $        0 | Status: ✓
⚠️  WARNING: NLV drift detected! Value: $ 761.8149236269 (Expected: $1105.33)
[2026-04-14 09:20:58] NLV: $ 761.8149236269 | Unrealized: $        0 | Realized: $        0 | Status: ✓
⚠️  WARNING: NLV drift detected! Value: $ 761.8149236269 (Expected: $1105.33)
[2026-04-14 09:25:58] NLV: $ 761.8149236269 | Unrealized: $        0 | Realized: $        0 | Status: ✓
⚠️  WARNING: NLV drift detected! Value: $ 761.8149236269 (Expected: $1105.33)
[2026-04-14 09:30:59] NLV: $ 761.8149236269 | Unrealized: $        0 | Realized: $        0 | Status: ✓
⚠️  WARNING: NLV drift detected! Value: $ 761.8149236269 (Expected: $1105.33)
[2026-04-14 09:35:59] NLV: $ 761.8149236269 | Unrealized: $        0 | Realized: $        0 | Status: ✓
⚠️  WARNING: NLV drift detected! Value: $ 761.8149236269 (Expected: $1105.33)
[2026-04-14 09:41:00] NLV: $ 761.8149236269 | Unrealized: $        0 | Realized: $        0 | Status: ✓
⚠️  WARNING: NLV drift detected! Value: $ 761.8149236269 (Expected: $1105.33)
[2026-04-14 09:46:00] NLV: $ 761.8149236269 | Unrealized: $        0 | Realized: $        0 | Status: ✓
⚠️  WARNING: NLV drift detected! Value: $ 761.8149236269 (Expected: $1105.33)
[2026-04-14 09:51:01] NLV: $ 761.8149236269 | Unrealized: $        0 | Realized: $        0 | Status: ✓
⚠️  WARNING: NLV drift detected! Value: $ 761.8149236269 (Expected: $1105.33)
[2026-04-14 09:56:02] NLV: $ 761.8149236269 | Unrealized: $        0 | Realized: $        0 | Status: ✓
⚠️  WARNING: NLV drift detected! Value: $ 761.8149236269 (Expected: $1105.33)
[2026-04-14 10:01:02] NLV: $ 761.8149236269 | Unrealized: $        0 | Realized: $        0 | Status: ✓
⚠️  WARNING: NLV drift detected! Value: $ 761.8149236269 (Expected: $1105.33)
[2026-04-14 10:06:03] NLV: $ 761.8149236269 | Unrealized: $        0 | Realized: $        0 | Status: ✓
⚠️  WARNING: NLV drift detected! Value: $ 761.8149236269 (Expected: $1105.33)
[2026-04-14 10:11:04] NLV: $ 761.8149236269 | Unrealized: $        0 | Realized: $        0 | Status: ✓
⚠️  WARNING: NLV drift detected! Value: $ 761.8149236269 (Expected: $1105.33)
[2026-04-14 10:16:04] NLV: $ 761.8149236269 | Unrealized: $        0 | Realized: $        0 | Status: ✓
⚠️  WARNING: NLV drift detected! Value: $ 761.8149236269 (Expected: $1105.33)
[2026-04-14 10:21:05] NLV: $ 761.8149236269 | Unrealized: $        0 | Realized: $        0 | Status: ✓
⚠️  WARNING: NLV drift detected! Value: $ 761.8149236269 (Expected: $1105.33)
[2026-04-14 10:26:06] NLV: $ 761.8149236269 | Unrealized: $        0 | Realized: $        0 | Status: ✓
⚠️  WARNING: NLV drift detected! Value: $ 761.8149236269 (Expected: $1105.33)
[2026-04-14 10:31:06] NLV: $ 761.8149236269 | Unrealized: $        0 | Realized: $        0 | Status: ✓
⚠️  WARNING: NLV drift detected! Value: $ 761.8149236269 (Expected: $1105.33)
[2026-04-14 10:36:07] NLV: $ 761.8149236269 | Unrealized: $        0 | Realized: $        0 | Status: ✓
⚠️  WARNING: NLV drift detected! Value: $ 761.8149236269 (Expected: $1105.33)
[2026-04-14 10:41:08] NLV: $ 761.8149236269 | Unrealized: $        0 | Realized: $        0 | Status: ✓
⚠️  WARNING: NLV drift detected! Value: $ 761.8149236269 (Expected: $1105.33)
[2026-04-14 10:46:08] NLV: $ 761.8149236269 | Unrealized: $        0 | Realized: $        0 | Status: ✓
⚠️  WARNING: NLV drift detected! Value: $ 761.8149236269 (Expected: $1105.33)
[2026-04-14 10:51:09] NLV: $ 761.8149236269 | Unrealized: $        0 | Realized: $        0 | Status: ✓
⚠️  WARNING: NLV drift detected! Value: $ 761.8149236269 (Expected: $1105.33)
[2026-04-14 10:56:10] NLV: $ 761.8149236269 | Unrealized: $        0 | Realized: $        0 | Status: ✓
⚠️  WARNING: NLV drift detected! Value: $ 761.8149236269 (Expected: $1105.33)
[2026-04-14 11:01:10] NLV: $ 761.8149236269 | Unrealized: $        0 | Realized: $        0 | Status: ✓
⚠️  WARNING: NLV drift detected! Value: $ 761.8149236269 (Expected: $1105.33)
[2026-04-14 11:06:11] NLV: $ 761.8149236269 | Unrealized: $        0 | Realized: $        0 | Status: ✓
⚠️  WARNING: NLV drift detected! Value: $ 761.8149236269 (Expected: $1105.33)
[2026-04-14 11:11:11] NLV: $ 761.8149236269 | Unrealized: $        0 | Realized: $        0 | Status: ✓
⚠️  WARNING: NLV drift detected! Value: $ 761.8149236269 (Expected: $1105.33)
[2026-04-14 11:16:12] NLV: $ 761.8149236269 | Unrealized: $        0 | Realized: $        0 | Status: ✓
⚠️  WARNING: NLV drift detected! Value: $ 761.8149236269 (Expected: $1105.33)
[2026-04-14 11:21:12] NLV: $ 761.8149236269 | Unrealized: $        0 | Realized: $        0 | Status: ✓
⚠️  WARNING: NLV drift detected! Value: $ 761.8149236269 (Expected: $1105.33)
[2026-04-14 11:26:13] NLV: $ 761.8149236269 | Unrealized: $        0 | Realized: $        0 | Status: ✓
⚠️  WARNING: NLV drift detected! Value: $ 761.8149236269 (Expected: $1105.33)
[2026-04-14 11:31:14] NLV: $ 761.8149236269 | Unrealized: $        0 | Realized: $        0 | Status: ✓
⚠️  WARNING: NLV drift detected! Value: $ 761.8149236269 (Expected: $1105.33)
[2026-04-14 11:36:14] NLV: $ 761.8149236269 | Unrealized: $        0 | Realized: $        0 | Status: ✓
⚠️  WARNING: NLV drift detected! Value: $ 761.8149236269 (Expected: $1105.33)
[2026-04-14 11:41:15] NLV: $ 761.8149236269 | Unrealized: $        0 | Realized: $        0 | Status: ✓
⚠️  WARNING: NLV drift detected! Value: $ 761.8149236269 (Expected: $1105.33)
[2026-04-14 11:46:15] NLV: $ 761.8149236269 | Unrealized: $        0 | Realized: $        0 | Status: ✓
⚠️  WARNING: NLV drift detected! Value: $ 761.8149236269 (Expected: $1105.33)
[2026-04-14 11:51:16] NLV: $ 761.8149236269 | Unrealized: $        0 | Realized: $        0 | Status: ✓
⚠️  WARNING: NLV drift detected! Value: $ 761.8149236269 (Expected: $1105.33)
[2026-04-14 11:56:17] NLV: $ 761.8149236269 | Unrealized: $        0 | Realized: $        0 | Status: ✓
⚠️  WARNING: NLV drift detected! Value: $ 761.8149236269 (Expected: $1105.33)
[2026-04-14 12:01:17] NLV: $ 761.8149236269 | Unrealized: $        0 | Realized: $        0 | Status: ✓
⚠️  WARNING: NLV drift detected! Value: $ 761.8149236269 (Expected: $1105.33)
[2026-04-14 12:06:18] NLV: $ 761.8149236269 | Unrealized: $        0 | Realized: $        0 | Status: ✓
⚠️  WARNING: NLV drift detected! Value: $ 761.8149236269 (Expected: $1105.33)
[2026-04-14 12:11:19] NLV: $ 761.8149236269 | Unrealized: $        0 | Realized: $        0 | Status: ✓
⚠️  WARNING: NLV drift detected! Value: $ 761.8149236269 (Expected: $1105.33)
[2026-04-14 12:16:19] NLV: $ 761.8149236269 | Unrealized: $        0 | Realized: $        0 | Status: ✓
⚠️  WARNING: NLV drift detected! Value: $ 761.8149236269 (Expected: $1105.33)
[2026-04-14 12:21:20] NLV: $ 761.8149236269 | Unrealized: $        0 | Realized: $        0 | Status: ✓
⚠️  WARNING: NLV drift detected! Value: $ 761.8149236269 (Expected: $1105.33)
[2026-04-14 12:26:21] NLV: $ 761.8149236269 | Unrealized: $        0 | Realized: $        0 | Status: ✓
⚠️  WARNING: NLV drift detected! Value: $ 761.8149236269 (Expected: $1105.33)
[2026-04-14 12:31:21] NLV: $ 761.8149236269 | Unrealized: $        0 | Realized: $        0 | Status: ✓
⚠️  WARNING: NLV drift detected! Value: $ 761.8149236269 (Expected: $1105.33)
[2026-04-14 12:36:22] NLV: $ 761.8149236269 | Unrealized: $        0 | Realized: $        0 | Status: ✓
⚠️  WARNING: NLV drift detected! Value: $ 761.8149236269 (Expected: $1105.33)
[2026-04-14 12:41:23] NLV: $ 761.8149236269 | Unrealized: $        0 | Realized: $        0 | Status: ✓
⚠️  WARNING: NLV drift detected! Value: $ 761.8149236269 (Expected: $1105.33)
[2026-04-14 12:46:23] NLV: $ 761.8149236269 | Unrealized: $        0 | Realized: $        0 | Status: ✓
⚠️  WARNING: NLV drift detected! Value: $ 761.8149236269 (Expected: $1105.33)
[2026-04-14 12:51:24] NLV: $ 761.8149236269 | Unrealized: $        0 | Realized: $        0 | Status: ✓
⚠️  WARNING: NLV drift detected! Value: $ 761.8149236269 (Expected: $1105.33)
[2026-04-14 12:56:25] NLV: $ 761.8149236269 | Unrealized: $        0 | Realized: $        0 | Status: ✓
⚠️  WARNING: NLV drift detected! Value: $ 761.8149236269 (Expected: $1105.33)
[2026-04-14 13:01:25] NLV: $ 761.8149236269 | Unrealized: $        0 | Realized: $        0 | Status: ✓
⚠️  WARNING: NLV drift detected! Value: $ 761.8149236269 (Expected: $1105.33)
[2026-04-14 13:06:26] NLV: $ 761.8149236269 | Unrealized: $        0 | Realized: $        0 | Status: ✓
⚠️  WARNING: NLV drift detected! Value: $ 761.8149236269 (Expected: $1105.33)
[2026-04-14 13:11:27] NLV: $ 761.8149236269 | Unrealized: $        0 | Realized: $        0 | Status: ✓
⚠️  WARNING: NLV drift detected! Value: $ 761.8149236269 (Expected: $1105.33)
[2026-04-14 13:16:27] NLV: $ 761.8149236269 | Unrealized: $        0 | Realized: $        0 | Status: ✓
⚠️  WARNING: NLV drift detected! Value: $ 761.8149236269 (Expected: $1105.33)
[2026-04-14 13:21:28] NLV: $ 761.8149236269 | Unrealized: $        0 | Realized: $        0 | Status: ✓
⚠️  WARNING: NLV drift detected! Value: $ 761.8149236269 (Expected: $1105.33)
[2026-04-14 13:26:29] NLV: $ 761.8149236269 | Unrealized: $        0 | Realized: $        0 | Status: ✓
⚠️  WARNING: NLV drift detected! Value: $ 761.8149236269 (Expected: $1105.33)
[2026-04-14 13:31:29] NLV: $ 761.8149236269 | Unrealized: $        0 | Realized: $        0 | Status: ✓
⚠️  WARNING: NLV drift detected! Value: $ 761.8149236269 (Expected: $1105.33)
[2026-04-14 13:36:30] NLV: $ 761.8149236269 | Unrealized: $        0 | Realized: $        0 | Status: ✓
⚠️  WARNING: NLV drift detected! Value: $ 761.8149236269 (Expected: $1105.33)
[2026-04-14 13:41:31] NLV: $ 761.8149236269 | Unrealized: $        0 | Realized: $        0 | Status: ✓
⚠️  WARNING: NLV drift detected! Value: $ 761.8149236269 (Expected: $1105.33)
[2026-04-14 13:46:31] NLV: $ 761.8149236269 | Unrealized: $        0 | Realized: $        0 | Status: ✓
⚠️  WARNING: NLV drift detected! Value: $ 761.8149236269 (Expected: $1105.33)
[2026-04-14 13:51:32] NLV: $ 761.8149236269 | Unrealized: $        0 | Realized: $        0 | Status: ✓
⚠️  WARNING: NLV drift detected! Value: $ 761.8149236269 (Expected: $1105.33)
[2026-04-14 13:56:32] NLV: $ 761.8149236269 | Unrealized: $        0 | Realized: $        0 | Status: ✓
⚠️  WARNING: NLV drift detected! Value: $ 761.8149236269 (Expected: $1105.33)
[2026-04-14 14:01:33] NLV: $ 761.8149236269 | Unrealized: $        0 | Realized: $        0 | Status: ✓
⚠️  WARNING: NLV drift detected! Value: $ 761.8149236269 (Expected: $1105.33)
[2026-04-14 14:06:34] NLV: $ 761.8149236269 | Unrealized: $        0 | Realized: $        0 | Status: ✓
⚠️  WARNING: NLV drift detected! Value: $ 761.8149236269 (Expected: $1105.33)
[2026-04-14 14:11:34] NLV: $ 761.8149236269 | Unrealized: $        0 | Realized: $        0 | Status: ✓
⚠️  WARNING: NLV drift detected! Value: $ 761.8149236269 (Expected: $1105.33)
[2026-04-14 14:16:35] NLV: $ 761.8149236269 | Unrealized: $        0 | Realized: $        0 | Status: ✓
⚠️  WARNING: NLV drift detected! Value: $ 761.8149236269 (Expected: $1105.33)
[2026-04-14 14:21:35] NLV: $ 761.8149236269 | Unrealized: $        0 | Realized: $        0 | Status: ✓
⚠️  WARNING: NLV drift detected! Value: $ 761.8149236269 (Expected: $1105.33)
[2026-04-14 14:26:36] NLV: $ 761.8149236269 | Unrealized: $        0 | Realized: $        0 | Status: ✓
⚠️  WARNING: NLV drift detected! Value: $ 761.8149236269 (Expected: $1105.33)
[2026-04-14 14:31:37] NLV: $ 761.8149236269 | Unrealized: $        0 | Realized: $        0 | Status: ✓
⚠️  WARNING: NLV drift detected! Value: $ 761.8149236269 (Expected: $1105.33)
[2026-04-14 14:36:37] NLV: $ 761.8149236269 | Unrealized: $        0 | Realized: $        0 | Status: ✓
⚠️  WARNING: NLV drift detected! Value: $ 761.8149236269 (Expected: $1105.33)
[2026-04-14 14:41:38] NLV: $ 761.8149236269 | Unrealized: $        0 | Realized: $        0 | Status: ✓
⚠️  WARNING: NLV drift detected! Value: $ 761.8149236269 (Expected: $1105.33)
[2026-04-14 14:46:39] NLV: $ 761.8149236269 | Unrealized: $        0 | Realized: $        0 | Status: ✓
⚠️  WARNING: NLV drift detected! Value: $ 761.8149236269 (Expected: $1105.33)
[2026-04-14 14:51:39] NLV: $ 761.8149236269 | Unrealized: $        0 | Realized: $        0 | Status: ✓
⚠️  WARNING: NLV drift detected! Value: $ 761.8149236269 (Expected: $1105.33)
[2026-04-14 14:56:40] NLV: $ 761.8149236269 | Unrealized: $        0 | Realized: $        0 | Status: ✓
⚠️  WARNING: NLV drift detected! Value: $ 761.8149236269 (Expected: $1105.33)
[2026-04-14 15:01:41] NLV: $ 761.8149236269 | Unrealized: $        0 | Realized: $        0 | Status: ✓
⚠️  WARNING: NLV drift detected! Value: $ 761.8149236269 (Expected: $1105.33)
[2026-04-14 15:06:41] NLV: $ 761.8149236269 | Unrealized: $        0 | Realized: $        0 | Status: ✓
⚠️  WARNING: NLV drift detected! Value: $ 761.8149236269 (Expected: $1105.33)
[2026-04-14 15:11:42] NLV: $ 761.8149236269 | Unrealized: $        0 | Realized: $        0 | Status: ✓
⚠️  WARNING: NLV drift detected! Value: $ 761.8149236269 (Expected: $1105.33)
[2026-04-14 15:16:43] NLV: $ 761.8149236269 | Unrealized: $        0 | Realized: $        0 | Status: ✓
⚠️  WARNING: NLV drift detected! Value: $ 761.8149236269 (Expected: $1105.33)
[2026-04-14 15:21:43] NLV: $ 761.8149236269 | Unrealized: $        0 | Realized: $        0 | Status: ✓
⚠️  WARNING: NLV drift detected! Value: $ 761.8149236269 (Expected: $1105.33)
[2026-04-14 15:26:44] NLV: $ 761.8149236269 | Unrealized: $        0 | Realized: $        0 | Status: ✓
⚠️  WARNING: NLV drift detected! Value: $ 761.8149236269 (Expected: $1105.33)
[2026-04-14 15:31:44] NLV: $ 761.8149236269 | Unrealized: $        0 | Realized: $        0 | Status: ✓
⚠️  WARNING: NLV drift detected! Value: $ 761.8149236269 (Expected: $1105.33)
[2026-04-14 15:36:45] NLV: $ 761.8149236269 | Unrealized: $        0 | Realized: $        0 | Status: ✓
⚠️  WARNING: NLV drift detected! Value: $ 761.8149236269 (Expected: $1105.33)
[2026-04-14 15:41:45] NLV: $ 761.8149236269 | Unrealized: $        0 | Realized: $        0 | Status: ✓
⚠️  WARNING: NLV drift detected! Value: $ 761.8149236269 (Expected: $1105.33)
[2026-04-14 15:46:46] NLV: $ 761.8149236269 | Unrealized: $        0 | Realized: $        0 | Status: ✓
⚠️  WARNING: NLV drift detected! Value: $ 761.8149236269 (Expected: $1105.33)
[2026-04-14 15:51:47] NLV: $ 761.8149236269 | Unrealized: $        0 | Realized: $        0 | Status: ✓
⚠️  WARNING: NLV drift detected! Value: $ 761.8149236269 (Expected: $1105.33)
[2026-04-14 15:56:48] NLV: $ 761.8149236269 | Unrealized: $        0 | Realized: $        0 | Status: ✓
⚠️  WARNING: NLV drift detected! Value: $ 761.8149236269 (Expected: $1105.33)
[2026-04-14 16:01:48] NLV: $ 761.8149236269 | Unrealized: $        0 | Realized: $        0 | Status: ✓
⚠️  WARNING: NLV drift detected! Value: $ 761.8149236269 (Expected: $1105.33)
[2026-04-14 16:06:49] NLV: $ 761.8149236269 | Unrealized: $        0 | Realized: $        0 | Status: ✓
⚠️  WARNING: NLV drift detected! Value: $ 761.8149236269 (Expected: $1105.33)
[2026-04-14 16:11:50] NLV: $ 761.8149236269 | Unrealized: $        0 | Realized: $        0 | Status: ✓
⚠️  WARNING: NLV drift detected! Value: $ 761.8149236269 (Expected: $1105.33)
[2026-04-14 16:16:50] NLV: $ 761.8149236269 | Unrealized: $        0 | Realized: $        0 | Status: ✓
⚠️  WARNING: NLV drift detected! Value: $ 761.8149236269 (Expected: $1105.33)
[2026-04-14 16:21:51] NLV: $ 761.8149236269 | Unrealized: $        0 | Realized: $        0 | Status: ✓
⚠️  WARNING: NLV drift detected! Value: $ 761.8149236269 (Expected: $1105.33)
[2026-04-14 16:26:52] NLV: $ 761.8149236269 | Unrealized: $        0 | Realized: $        0 | Status: ✓
⚠️  WARNING: NLV drift detected! Value: $ 761.8149236269 (Expected: $1105.33)
[2026-04-14 16:31:52] NLV: $ 761.8149236269 | Unrealized: $        0 | Realized: $        0 | Status: ✓
⚠️  WARNING: NLV drift detected! Value: $ 761.8149236269 (Expected: $1105.33)
[2026-04-14 16:36:53] NLV: $ 761.8149236269 | Unrealized: $        0 | Realized: $        0 | Status: ✓
⚠️  WARNING: NLV drift detected! Value: $ 761.8149236269 (Expected: $1105.33)
[2026-04-14 16:41:54] NLV: $ 761.8149236269 | Unrealized: $        0 | Realized: $        0 | Status: ✓
⚠️  WARNING: NLV drift detected! Value: $ 761.8149236269 (Expected: $1105.33)
[2026-04-14 16:46:54] NLV: $ 761.8149236269 | Unrealized: $        0 | Realized: $        0 | Status: ✓
⚠️  WARNING: NLV drift detected! Value: $ 761.8149236269 (Expected: $1105.33)
[2026-04-14 16:51:56] NLV: $ 761.8149236269 | Unrealized: $        0 | Realized: $        0 | Status: ✓
⚠️  WARNING: NLV drift detected! Value: $ 761.8149236269 (Expected: $1105.33)
[2026-04-14 16:56:56] NLV: $ 761.8149236269 | Unrealized: $        0 | Realized: $        0 | Status: ✓
⚠️  WARNING: NLV drift detected! Value: $ 761.8149236269 (Expected: $1105.33)
[2026-04-14 17:01:57] NLV: $ 761.8149236269 | Unrealized: $        0 | Realized: $        0 | Status: ✓
⚠️  WARNING: NLV drift detected! Value: $ 761.8149236269 (Expected: $1105.33)
[2026-04-14 17:06:58] NLV: $ 761.8149236269 | Unrealized: $        0 | Realized: $        0 | Status: ✓
⚠️  WARNING: NLV drift detected! Value: $ 761.8149236269 (Expected: $1105.33)
[2026-04-14 17:11:58] NLV: $ 761.8149236269 | Unrealized: $        0 | Realized: $        0 | Status: ✓
⚠️  WARNING: NLV drift detected! Value: $ 761.8149236269 (Expected: $1105.33)
[2026-04-14 17:16:59] NLV: $ 761.8149236269 | Unrealized: $        0 | Realized: $        0 | Status: ✓
⚠️  WARNING: NLV drift detected! Value: $ 761.8149236269 (Expected: $1105.33)
[2026-04-14 17:22:00] NLV: $ 761.8149236269 | Unrealized: $        0 | Realized: $        0 | Status: ✓
⚠️  WARNING: NLV drift detected! Value: $ 761.8149236269 (Expected: $1105.33)
[2026-04-14 17:27:00] NLV: $ 761.8149236269 | Unrealized: $        0 | Realized: $        0 | Status: ✓
⚠️  WARNING: NLV drift detected! Value: $ 761.8149236269 (Expected: $1105.33)
[2026-04-14 17:32:01] NLV: $ 761.8149236269 | Unrealized: $        0 | Realized: $        0 | Status: ✓
⚠️  WARNING: NLV drift detected! Value: $ 761.8149236269 (Expected: $1105.33)
[2026-04-14 17:37:02] NLV: $ 761.8149236269 | Unrealized: $        0 | Realized: $        0 | Status: ✓
⚠️  WARNING: NLV drift detected! Value: $ 761.8149236269 (Expected: $1105.33)
[2026-04-14 17:42:03] NLV: $ 761.8149236269 | Unrealized: $        0 | Realized: $        0 | Status: ✓
⚠️  WARNING: NLV drift detected! Value: $ 761.8149236269 (Expected: $1105.33)
[2026-04-14 17:47:03] NLV: $ 761.8149236269 | Unrealized: $        0 | Realized: $        0 | Status: ✓
⚠️  WARNING: NLV drift detected! Value: $ 761.8149236269 (Expected: $1105.33)
[2026-04-14 17:52:04] NLV: $ 761.8149236269 | Unrealized: $        0 | Realized: $        0 | Status: ✓
⚠️  WARNING: NLV drift detected! Value: $ 761.8149236269 (Expected: $1105.33)
[2026-04-14 17:57:05] NLV: $ 761.8149236269 | Unrealized: $        0 | Realized: $        0 | Status: ✓
⚠️  WARNING: NLV drift detected! Value: $ 761.8149236269 (Expected: $1105.33)
[2026-04-14 18:02:05] NLV: $ 761.8149236269 | Unrealized: $        0 | Realized: $        0 | Status: ✓
⚠️  WARNING: NLV drift detected! Value: $ 761.8149236269 (Expected: $1105.33)
[2026-04-14 18:07:06] NLV: $ 761.8149236269 | Unrealized: $        0 | Realized: $        0 | Status: ✓
⚠️  WARNING: NLV drift detected! Value: $ 761.8149236269 (Expected: $1105.33)
[2026-04-14 18:12:07] NLV: $ 761.8149236269 | Unrealized: $        0 | Realized: $        0 | Status: ✓
⚠️  WARNING: NLV drift detected! Value: $ 761.8149236269 (Expected: $1105.33)
[2026-04-14 18:17:08] NLV: $ 761.8149236269 | Unrealized: $        0 | Realized: $        0 | Status: ✓
⚠️  WARNING: NLV drift detected! Value: $ 761.8149236269 (Expected: $1105.33)
[2026-04-14 18:22:08] NLV: $ 761.8149236269 | Unrealized: $        0 | Realized: $        0 | Status: ✓
⚠️  WARNING: NLV drift detected! Value: $ 761.8149236269 (Expected: $1105.33)
[2026-04-14 18:27:09] NLV: $ 761.8149236269 | Unrealized: $        0 | Realized: $        0 | Status: ✓
⚠️  WARNING: NLV drift detected! Value: $ 761.8149236269 (Expected: $1105.33)
[2026-04-14 18:32:09] NLV: $ 761.8149236269 | Unrealized: $        0 | Realized: $        0 | Status: ✓
⚠️  WARNING: NLV drift detected! Value: $ 761.8149236269 (Expected: $1105.33)
[2026-04-14 18:37:10] NLV: $ 761.8149236269 | Unrealized: $        0 | Realized: $        0 | Status: ✓
⚠️  WARNING: NLV drift detected! Value: $ 761.8149236269 (Expected: $1105.33)
[2026-04-14 18:42:11] NLV: $ 761.8149236269 | Unrealized: $        0 | Realized: $        0 | Status: ✓
⚠️  WARNING: NLV drift detected! Value: $ 761.8149236269 (Expected: $1105.33)
[2026-04-14 18:47:12] NLV: $ 761.8149236269 | Unrealized: $        0 | Realized: $        0 | Status: ✓
⚠️  WARNING: NLV drift detected! Value: $ 761.8149236269 (Expected: $1105.33)
[2026-04-14 18:52:12] NLV: $ 761.8149236269 | Unrealized: $        0 | Realized: $        0 | Status: ✓
⚠️  WARNING: NLV drift detected! Value: $ 761.8149236269 (Expected: $1105.33)
[2026-04-14 18:57:13] NLV: $ 761.8149236269 | Unrealized: $        0 | Realized: $        0 | Status: ✓
⚠️  WARNING: NLV drift detected! Value: $ 761.8149236269 (Expected: $1105.33)
[2026-04-14 19:02:13] NLV: $ 761.8149236269 | Unrealized: $        0 | Realized: $        0 | Status: ✓
⚠️  WARNING: NLV drift detected! Value: $ 761.8149236269 (Expected: $1105.33)
[2026-04-14 19:07:14] NLV: $ 761.8149236269 | Unrealized: $        0 | Realized: $        0 | Status: ✓
⚠️  WARNING: NLV drift detected! Value: $ 761.8149236269 (Expected: $1105.33)
[2026-04-14 19:12:15] NLV: $ 761.8149236269 | Unrealized: $        0 | Realized: $        0 | Status: ✓
⚠️  WARNING: NLV drift detected! Value: $ 761.8149236269 (Expected: $1105.33)
[2026-04-14 19:17:16] NLV: $ 761.8149236269 | Unrealized: $        0 | Realized: $        0 | Status: ✓
⚠️  WARNING: NLV drift detected! Value: $ 761.8149236269 (Expected: $1105.33)
[2026-04-14 19:22:16] NLV: $ 761.8149236269 | Unrealized: $        0 | Realized: $        0 | Status: ✓
⚠️  WARNING: NLV drift detected! Value: $ 761.8149236269 (Expected: $1105.33)
[2026-04-14 19:27:17] NLV: $ 761.8149236269 | Unrealized: $        0 | Realized: $        0 | Status: ✓
⚠️  WARNING: NLV drift detected! Value: $ 761.8149236269 (Expected: $1105.33)
[2026-04-14 19:32:18] NLV: $ 761.8149236269 | Unrealized: $        0 | Realized: $        0 | Status: ✓
⚠️  WARNING: NLV drift detected! Value: $ 761.8149236269 (Expected: $1105.33)
[2026-04-14 19:37:18] NLV: $ 761.8149236269 | Unrealized: $        0 | Realized: $        0 | Status: ✓
⚠️  WARNING: NLV drift detected! Value: $ 761.8149236269 (Expected: $1105.33)
[2026-04-14 19:42:19] NLV: $ 761.8149236269 | Unrealized: $        0 | Realized: $        0 | Status: ✓
⚠️  WARNING: NLV drift detected! Value: $ 761.8149236269 (Expected: $1105.33)
[2026-04-14 19:47:20] NLV: $ 761.8149236269 | Unrealized: $        0 | Realized: $        0 | Status: ✓
⚠️  WARNING: NLV drift detected! Value: $ 761.8149236269 (Expected: $1105.33)
[2026-04-14 19:52:21] NLV: $ 761.8149236269 | Unrealized: $        0 | Realized: $        0 | Status: ✓
⚠️  WARNING: NLV drift detected! Value: $ 761.8149236269 (Expected: $1105.33)
[2026-04-14 19:57:21] NLV: $ 761.8149236269 | Unrealized: $        0 | Realized: $        0 | Status: ✓
⚠️  WARNING: NLV drift detected! Value: $ 761.8149236269 (Expected: $1105.33)
[2026-04-14 20:02:22] NLV: $ 761.8149236269 | Unrealized: $        0 | Realized: $        0 | Status: ✓
⚠️  WARNING: NLV drift detected! Value: $ 761.8149236269 (Expected: $1105.33)
[2026-04-14 20:07:22] NLV: $ 761.8149236269 | Unrealized: $        0 | Realized: $        0 | Status: ✓
⚠️  WARNING: NLV drift detected! Value: $ 761.8149236269 (Expected: $1105.33)
[2026-04-14 20:12:23] NLV: $ 761.8149236269 | Unrealized: $        0 | Realized: $        0 | Status: ✓
⚠️  WARNING: NLV drift detected! Value: $ 761.8149236269 (Expected: $1105.33)
[2026-04-14 20:17:24] NLV: $ 761.8149236269 | Unrealized: $        0 | Realized: $        0 | Status: ✓
⚠️  WARNING: NLV drift detected! Value: $ 761.8149236269 (Expected: $1105.33)
[2026-04-14 20:22:24] NLV: $ 761.8149236269 | Unrealized: $        0 | Realized: $        0 | Status: ✓
⚠️  WARNING: NLV drift detected! Value: $ 761.8149236269 (Expected: $1105.33)
[2026-04-14 20:27:25] NLV: $ 761.8149236269 | Unrealized: $        0 | Realized: $        0 | Status: ✓
⚠️  WARNING: NLV drift detected! Value: $ 761.8149236269 (Expected: $1105.33)
[2026-04-14 20:32:26] NLV: $ 761.8149236269 | Unrealized: $        0 | Realized: $        0 | Status: ✓
⚠️  WARNING: NLV drift detected! Value: $ 761.8149236269 (Expected: $1105.33)
[2026-04-14 20:37:27] NLV: $ 761.8149236269 | Unrealized: $        0 | Realized: $        0 | Status: ✓
⚠️  WARNING: NLV drift detected! Value: $ 761.8149236269 (Expected: $1105.33)
---
✅ 24-Hour Monitoring Complete
📊 Results saved to: ./nlv_monitoring_20260413_203912.log
